

*** testdata_e2e_test1.sql ***


INFO test_reset: update poc_pkg...
No errors.
No errors.

INFO test_reset: wait for OGG to start...
INFO test_reset: reset source data


*** source_deleteall.sql ***
INFO test_reset: wait for OGG to catchup...
INFO test_reset: split to get empty lead partition


*** partition_split.sql ***


Getting partitionc config
Current SCN=2865985
Max partition_config SCN=0
Splitting TARGET_TABLE2 partition at SCN=2865985 with old partition=PART_0 and new partition=PART_2865985
Splitting MASTER_SOURCE_TABLE1 partition at SCN=2865985 with old partition=PART_0 and new partition=PART_2865985
Splitting TARGET_TABLE3 partition at SCN=2865985 with old partition=PART_0 and new partition=PART_2865985
Splitting TARGET_TABLE1 partition at SCN=2865985 with old partition=PART_0 and new partition=PART_2865985
DML to partition_config are complete
INFO test_reset: partition reset...


*** partition_reset.sql ***


*** partition_drop.sql ***
Dropping partition target_table1.PART_0
Dropping partition target_table1.PART_0
Dropping partition target_table1.PART_0
Dropping partition target_table1.PART_0
Renaming partition MASTER_SOURCE_TABLE1.PART_2865985
Renaming partition TARGET_TABLE1.PART_2865985
Renaming partition TARGET_TABLE2.PART_2865985
Renaming partition TARGET_TABLE3.PART_2865985


*** partition_config.sql ***



MODULE_NAME          PARTITION_NAME        BEGIN_SCN    END_SCN
-------------------- -------------------- ---------- ----------
POC                  PART_0                        0


*** partition_query.sql ***

TABLE_OWNER          TABLE_NAME           PARTITION_NAME       HIGH_VALUE
-------------------- -------------------- -------------------- --------------------------------------------------------------------------------
TARGET               MASTER_SOURCE_TABLE1 PART_0               MAXVALUE
TARGET               TARGET_TABLE1        PART_0               MAXVALUE
TARGET               TARGET_TABLE2        PART_0               MAXVALUE
TARGET               TARGET_TABLE3        PART_0               MAXVALUE


TARGET_TABLE2.PART_0=0
TARGET_TABLE3.PART_0=0
TARGET_TABLE1.PART_0=0
MASTER_SOURCE_TABLE1.PART_0=0
INFO test_reset: split partition now to avoid writing to PART_0


*** partition_split.sql ***


Getting partitionc config
Current SCN=2866203
Max partition_config SCN=0
Splitting TARGET_TABLE2 partition at SCN=2866203 with old partition=PART_0 and new partition=PART_2866203
Splitting MASTER_SOURCE_TABLE1 partition at SCN=2866203 with old partition=PART_0 and new partition=PART_2866203
Splitting TARGET_TABLE3 partition at SCN=2866203 with old partition=PART_0 and new partition=PART_2866203
Splitting TARGET_TABLE1 partition at SCN=2866203 with old partition=PART_0 and new partition=PART_2866203
DML to partition_config are complete

INFO test_reset: wait for OGG to start...
INFO test_data: insert 10 rows
testdata_10rows_ins: rows inserted ok
INFO test_data: wait for OGG to catchup...
INFO test_data: split partitions


*** partition_split.sql ***


Getting partitionc config
Current SCN=2866625
Max partition_config SCN=2866203
Splitting TARGET_TABLE2 partition at SCN=2866625 with old partition=PART_2866203 and new partition=PART_2866625
Splitting MASTER_SOURCE_TABLE1 partition at SCN=2866625 with old partition=PART_2866203 and new partition=PART_2866625
Splitting TARGET_TABLE3 partition at SCN=2866625 with old partition=PART_2866203 and new partition=PART_2866625
Splitting TARGET_TABLE1 partition at SCN=2866625 with old partition=PART_2866203 and new partition=PART_2866625
DML to partition_config are complete
INFO test_data: insert 10 rows
testdata_10rows_ins: rows inserted ok
INFO test_data: wait for OGG to catchup...
INFO test_data: split partitions


*** partition_split.sql ***


Getting partitionc config
Current SCN=2866857
Max partition_config SCN=2866625
Splitting TARGET_TABLE2 partition at SCN=2866857 with old partition=PART_2866625 and new partition=PART_2866857
Splitting MASTER_SOURCE_TABLE1 partition at SCN=2866857 with old partition=PART_2866625 and new partition=PART_2866857
Splitting TARGET_TABLE3 partition at SCN=2866857 with old partition=PART_2866625 and new partition=PART_2866857
Splitting TARGET_TABLE1 partition at SCN=2866857 with old partition=PART_2866625 and new partition=PART_2866857
DML to partition_config are complete
INFO test_data: update 10 rows
testdata_10rows_upd: rows updated ok
INFO test_data: wait for OGG to catchup...
INFO test_data: delete 10 child rows
testdata_10rows_del: rows deleted ok
INFO test_data: wait for OGG to catchup...
INFO test_data: split partitions


*** partition_split.sql ***


Getting partitionc config
Current SCN=2867089
Max partition_config SCN=2866857
Splitting TARGET_TABLE2 partition at SCN=2867089 with old partition=PART_2866857 and new partition=PART_2867089
Splitting MASTER_SOURCE_TABLE1 partition at SCN=2867089 with old partition=PART_2866857 and new partition=PART_2867089
Splitting TARGET_TABLE3 partition at SCN=2867089 with old partition=PART_2866857 and new partition=PART_2867089
Splitting TARGET_TABLE1 partition at SCN=2867089 with old partition=PART_2866857 and new partition=PART_2867089
DML to partition_config are complete
INFO poc_e2e: query the result


*** source_query.sql ***

'SOURCE_TABLE   COUNT(*)
------------- ----------
SOURCE_TABLE1         20
SOURCE_TABLE2         18
SOURCE_TABLE3         18


*** partition_query.sql ***

TABLE_OWNER          TABLE_NAME           PARTITION_NAME       HIGH_VALUE
-------------------- -------------------- -------------------- --------------------------------------------------------------------------------
TARGET               MASTER_SOURCE_TABLE1 PART_0               2866203
TARGET               MASTER_SOURCE_TABLE1 PART_2866203         2866625
TARGET               MASTER_SOURCE_TABLE1 PART_2866625         2866857
TARGET               MASTER_SOURCE_TABLE1 PART_2866857         2867089
TARGET               MASTER_SOURCE_TABLE1 PART_2867089         MAXVALUE
TARGET               TARGET_TABLE1        PART_0               2866203
TARGET               TARGET_TABLE1        PART_2866203         2866625
TARGET               TARGET_TABLE1        PART_2866625         2866857
TARGET               TARGET_TABLE1        PART_2866857         2867089
TARGET               TARGET_TABLE1        PART_2867089         MAXVALUE
TARGET               TARGET_TABLE2        PART_0               2866203
TARGET               TARGET_TABLE2        PART_2866203         2866625
TARGET               TARGET_TABLE2        PART_2866625         2866857
TARGET               TARGET_TABLE2        PART_2866857         2867089
TARGET               TARGET_TABLE2        PART_2867089         MAXVALUE
TARGET               TARGET_TABLE3        PART_0               2866203
TARGET               TARGET_TABLE3        PART_2866203         2866625
TARGET               TARGET_TABLE3        PART_2866625         2866857
TARGET               TARGET_TABLE3        PART_2866857         2867089
TARGET               TARGET_TABLE3        PART_2867089         MAXVALUE


TARGET_TABLE3.PART_2866203=10
TARGET_TABLE1.PART_2866203=10
TARGET_TABLE3.PART_2866625=10
TARGET_TABLE2.PART_0=0
TARGET_TABLE2.PART_2866203=10
TARGET_TABLE3.PART_0=0
TARGET_TABLE1.PART_0=0
TARGET_TABLE2.PART_2866625=10
TARGET_TABLE1.PART_2866625=10
TARGET_TABLE2.PART_2866857=7
TARGET_TABLE3.PART_2866857=7
TARGET_TABLE1.PART_2866857=5
TARGET_TABLE2.PART_2867089=0
TARGET_TABLE3.PART_2867089=0
TARGET_TABLE1.PART_2867089=0
MASTER_SOURCE_TABLE1.PART_0=0
MASTER_SOURCE_TABLE1.PART_2866203=0
MASTER_SOURCE_TABLE1.PART_2866625=0
MASTER_SOURCE_TABLE1.PART_2866857=0
MASTER_SOURCE_TABLE1.PART_2867089=0

Processing:PART_2866203 begin_scn=2866203, end_scn=2866624:
{"source_table1":{"ID":2491,"NAME":"vJrOlPlnLIyhIVLKIcyh","VERSION":1},"source_table2":{"ID":491,"SOURCE_TABLE1_ID":2491,"NAME":"CFioRptoNZSKyIjkqQGE","VERSION":1},"source_table3":{"ID":491,"SOURCE_TABLE1_ID":2491,"NAME":"EYzmlJwnoaTVtTNMykCz","VERSION":1}}
{"source_table1":{"ID":2492,"NAME":"oDyJQiRylRPNByTnOebF","VERSION":1},"source_table2":{"ID":492,"SOURCE_TABLE1_ID":2492,"NAME":"QMJGtgXxsmjeUEOVHRkW","VERSION":1},"source_table3":{"ID":492,"SOURCE_TABLE1_ID":2492,"NAME":"aLApZnJIypSOxMFijVHJ","VERSION":1}}
{"source_table1":{"ID":2493,"NAME":"VBdGVdiIPEKoqcvpzSOr","VERSION":1},"source_table2":{"ID":493,"SOURCE_TABLE1_ID":2493,"NAME":"VpLpzpMEZVecSNcwpjyp","VERSION":1},"source_table3":{"ID":493,"SOURCE_TABLE1_ID":2493,"NAME":"rTwoROEwfUZFLTyUqqKv","VERSION":1}}
{"source_table1":{"ID":2494,"NAME":"zNliSnlfLuermLfnEQme","VERSION":1},"source_table2":{"ID":494,"SOURCE_TABLE1_ID":2494,"NAME":"KmJkodwIEnrowjXJGiTc","VERSION":1},"source_table3":{"ID":494,"SOURCE_TABLE1_ID":2494,"NAME":"IjoRgFsPjlyAcTforhrW","VERSION":1}}
{"source_table1":{"ID":2495,"NAME":"acUHdCAttzPMzawqrCAY","VERSION":1},"source_table2":{"ID":495,"SOURCE_TABLE1_ID":2495,"NAME":"PvIgHXcnROfhKnkllpKa","VERSION":1},"source_table3":{"ID":495,"SOURCE_TABLE1_ID":2495,"NAME":"FIciMvqUWgMGdzChzwvu","VERSION":1}}
{"source_table1":{"ID":2496,"NAME":"QgaEnzykPHRwKcGbrzBd","VERSION":1},"source_table2":{"ID":496,"SOURCE_TABLE1_ID":2496,"NAME":"DpuuOiOKkfgCVlfsHaTc","VERSION":1},"source_table3":{"ID":496,"SOURCE_TABLE1_ID":2496,"NAME":"CIRgITiVzDKDlqpfPpPY","VERSION":1}}
{"source_table1":{"ID":2497,"NAME":"ffmlswpSDZDuISJMIcPO","VERSION":1},"source_table2":{"ID":497,"SOURCE_TABLE1_ID":2497,"NAME":"mZOWVWhlauRnFFNvEHyL","VERSION":1},"source_table3":{"ID":497,"SOURCE_TABLE1_ID":2497,"NAME":"tmPHWUPuSFtCPduBBTWT","VERSION":1}}
{"source_table1":{"ID":2498,"NAME":"qHFIfRqMZIYBPfVJudQo","VERSION":1},"source_table2":{"ID":498,"SOURCE_TABLE1_ID":2498,"NAME":"banqXMoGZkPvOEUYEFUv","VERSION":1},"source_table3":{"ID":498,"SOURCE_TABLE1_ID":2498,"NAME":"cnvikPLJGLpcuKJOTuPF","VERSION":1}}
{"source_table1":{"ID":2499,"NAME":"CFInNsaTkqEXRMWMqyze","VERSION":1},"source_table2":{"ID":499,"SOURCE_TABLE1_ID":2499,"NAME":"YejUvZJhzkeHLdjpgWBV","VERSION":1},"source_table3":{"ID":499,"SOURCE_TABLE1_ID":2499,"NAME":"GQgYYMplJJsrZzayfSVM","VERSION":1}}
{"source_table1":{"ID":2500,"NAME":"dEawUoNyiYiwPgCwrYFF","VERSION":1},"source_table2":{"ID":500,"SOURCE_TABLE1_ID":2500,"NAME":"iCZYjEFqwECJacSaEuWG","VERSION":1},"source_table3":{"ID":500,"SOURCE_TABLE1_ID":2500,"NAME":"lXhYpvnRYfDNVulMIgmQ","VERSION":1}}

Processing:PART_2866625 begin_scn=2866625, end_scn=2866856:
{"source_table1":{"ID":2501,"NAME":"tPHJBAWTaZDdwndYxMpH","VERSION":1},"source_table2":{"ID":501,"SOURCE_TABLE1_ID":2501,"NAME":"kJDRznWjJEqxJePmYEsQ","VERSION":1},"source_table3":{"ID":501,"SOURCE_TABLE1_ID":2501,"NAME":"VquVThmTHbUtpqhsDesK","VERSION":1}}
{"source_table1":{"ID":2502,"NAME":"EMRkESPUsWpTDkcEqqkH","VERSION":1},"source_table2":{"ID":502,"SOURCE_TABLE1_ID":2502,"NAME":"OrcyvXqMIIwdRJAZJKpM","VERSION":1},"source_table3":{"ID":502,"SOURCE_TABLE1_ID":2502,"NAME":"DbmLLxxggRzRVVIAkHxM","VERSION":1}}
{"source_table1":{"ID":2503,"NAME":"bMyKfpsNuSQtRWSaoaeb","VERSION":1},"source_table2":{"ID":503,"SOURCE_TABLE1_ID":2503,"NAME":"opeddFdBQxllXoWjReYG","VERSION":1},"source_table3":{"ID":503,"SOURCE_TABLE1_ID":2503,"NAME":"QOaynSsJvnbZwbqFSbMw","VERSION":1}}
{"source_table1":{"ID":2504,"NAME":"ndyRHndiArgFoEZcHXnZ","VERSION":1},"source_table2":{"ID":504,"SOURCE_TABLE1_ID":2504,"NAME":"tFbNZbqpPjfEIXXXCDgo","VERSION":1},"source_table3":{"ID":504,"SOURCE_TABLE1_ID":2504,"NAME":"JYPjsBBEydeMgnJNFpHW","VERSION":1}}
{"source_table1":{"ID":2505,"NAME":"XInJPEdqIGRRvCJmHcSY","VERSION":1},"source_table2":{"ID":505,"SOURCE_TABLE1_ID":2505,"NAME":"FUCwWpSNMfuZLUxYdsaA","VERSION":1},"source_table3":{"ID":505,"SOURCE_TABLE1_ID":2505,"NAME":"ITWugnynQcmLKJStyGWb","VERSION":1}}
{"source_table1":{"ID":2506,"NAME":"jXPUaPqYvjmPvoTmIAkm","VERSION":1},"source_table2":{"ID":506,"SOURCE_TABLE1_ID":2506,"NAME":"RFZWpNSKaUANPpVjiNTb","VERSION":1},"source_table3":{"ID":506,"SOURCE_TABLE1_ID":2506,"NAME":"XlDMRGxSJCgPLwyZkieA","VERSION":1}}
{"source_table1":{"ID":2507,"NAME":"krmKZHyeBnOflnyjLWpz","VERSION":1},"source_table2":{"ID":507,"SOURCE_TABLE1_ID":2507,"NAME":"PzalRzmAYzjSEFmwtCqT","VERSION":1},"source_table3":{"ID":507,"SOURCE_TABLE1_ID":2507,"NAME":"tLyvqfzWSoYAhEmBqYLx","VERSION":1}}
{"source_table1":{"ID":2508,"NAME":"HixGtBceppCEinuGeZHj","VERSION":1},"source_table2":{"ID":508,"SOURCE_TABLE1_ID":2508,"NAME":"nKAFDVTuexuAknZmMaZg","VERSION":1},"source_table3":{"ID":508,"SOURCE_TABLE1_ID":2508,"NAME":"UBbAcSHLdukdjLDLERAX","VERSION":1}}
{"source_table1":{"ID":2509,"NAME":"zWeadbruOTnyajkPdHRh","VERSION":1},"source_table2":{"ID":509,"SOURCE_TABLE1_ID":2509,"NAME":"PEYNJxLoFaKLxEHydSvq","VERSION":1},"source_table3":{"ID":509,"SOURCE_TABLE1_ID":2509,"NAME":"muKEdVsMSVsUWYlIUqPi","VERSION":1}}
{"source_table1":{"ID":2510,"NAME":"CCGLYuxECgGQBcmtaRac","VERSION":1},"source_table2":{"ID":510,"SOURCE_TABLE1_ID":2510,"NAME":"TEIbzwURuWgfVCCLoHJf","VERSION":1},"source_table3":{"ID":510,"SOURCE_TABLE1_ID":2510,"NAME":"CydUyfNwqMlnvYKBybdT","VERSION":1}}

Processing:PART_2866857 begin_scn=2866857, end_scn=2867088:
{"source_table1":{"ID":2493,"NAME":"VBdGVdiIPEKoqcvpzSOr","VERSION":6},"source_table2":{"ID":493,"SOURCE_TABLE1_ID":2493,"NAME":"VpLpzpMEZVecSNcwpjyp","VERSION":1},"source_table3":{"ID":493,"SOURCE_TABLE1_ID":2493,"NAME":"rTwoROEwfUZFLTyUqqKv","VERSION":1}}
